[84648:45652:0209/183532.250:WARNING:t_skinfilemap.cpp(63)] SGRenderLog:CheckUpdate newMem.OpenMem Suc, szNewMem:Local\sgime_skin.v41.filemap.sogouime
[84648:45652:0209/183532.250:WARNING:t_skinfilemap.cpp(65)] SGRenderLog:CheckUpdate finish: old version:1
[84648:45652:0209/183532.250:WARNING:t_skinfilemap.cpp(67)] SGRenderLog:CheckUpdate finish: new version:41
[84648:45652:0209/183532.267:WARNING:t_skinfilemap.cpp(63)] SGRenderLog:CheckUpdate newMem.OpenMem Suc, szNewMem:Local\sgime_skin.Dpi144.v41.filemap.sogouime
[84648:45652:0209/183532.267:WARNING:t_skinfilemap.cpp(65)] SGRenderLog:CheckUpdate finish: old version:41
[84648:45652:0209/183532.267:WARNING:t_skinfilemap.cpp(67)] SGRenderLog:CheckUpdate finish: new version:41
[84648:45652:0209/183532.333:WARNING:t_skinfilemap.cpp(63)] SGRenderLog:CheckUpdate newMem.OpenMem Suc, szNewMem:Local\sgime_skin.Dpi144.v41.filemap.sogouime
[84648:45652:0209/183532.333:WARNING:t_skinfilemap.cpp(65)] SGRenderLog:CheckUpdate finish: old version:1
[84648:45652:0209/183532.333:WARNING:t_skinfilemap.cpp(67)] SGRenderLog:CheckUpdate finish: new version:41
[84648:45652:0209/183532.356:WARNING:t_skinfilemap.cpp(63)] SGRenderLog:CheckUpdate newMem.OpenMem Suc, szNewMem:Local\sgime_skin.Dpi144.v41.filemap.sogouime
[84648:45652:0209/183532.356:WARNING:t_skinfilemap.cpp(65)] SGRenderLog:CheckUpdate finish: old version:41
[84648:45652:0209/183532.356:WARNING:t_skinfilemap.cpp(67)] SGRenderLog:CheckUpdate finish: new version:41
[84648:45652:0209/183532.372:WARNING:t_skinfilemap.cpp(63)] SGRenderLog:CheckUpdate newMem.OpenMem Suc, szNewMem:Local\sgime_skin.Dpi144.v41.filemap.sogouime
[84648:45652:0209/183532.372:WARNING:t_skinfilemap.cpp(65)] SGRenderLog:CheckUpdate finish: old version:41
[84648:45652:0209/183532.372:WARNING:t_skinfilemap.cpp(67)] SGRenderLog:CheckUpdate finish: new version:41
[109804:161780:0209/183658.737:WARNING:t_skinfilemap.cpp(63)] SGRenderLog:CheckUpdate newMem.OpenMem Suc, szNewMem:Local\sgime_skin.v41.filemap.sogouime
[109804:161780:0209/183658.737:WARNING:t_skinfilemap.cpp(65)] SGRenderLog:CheckUpdate finish: old version:1
[109804:161780:0209/183658.737:WARNING:t_skinfilemap.cpp(67)] SGRenderLog:CheckUpdate finish: new version:41
[109804:161780:0209/183658.873:WARNING:t_skinfilemap.cpp(63)] SGRenderLog:CheckUpdate newMem.OpenMem Suc, szNewMem:Local\sgime_skin.v41.filemap.sogouime
[109804:161780:0209/183658.873:WARNING:t_skinfilemap.cpp(65)] SGRenderLog:CheckUpdate finish: old version:1
[109804:161780:0209/183658.873:WARNING:t_skinfilemap.cpp(67)] SGRenderLog:CheckUpdate finish: new version:41
[109804:161780:0209/183658.894:WARNING:t_skinfilemap.cpp(63)] SGRenderLog:CheckUpdate newMem.OpenMem Suc, szNewMem:Local\sgime_skin.v41.filemap.sogouime
[109804:161780:0209/183658.896:WARNING:t_skinfilemap.cpp(65)] SGRenderLog:CheckUpdate finish: old version:41
[109804:161780:0209/183658.896:WARNING:t_skinfilemap.cpp(67)] SGRenderLog:CheckUpdate finish: new version:41
[50924:9168:0809/195556.312:WARNING:kernel_parameter_setter.cc(150)] [KernelParameterSetter] NotifyDoublePinyinSchemeChanged failed, scheme=Sogou status=1
[50924:9168:0809/195556.312:WARNING:t_skinfilemap.cpp(63)] SGRenderLog:CheckUpdate newMem.OpenMem Suc, szNewMem:Local\sgime_skin.v5.filemap.sogouime
[50924:9168:0809/195556.312:WARNING:t_skinfilemap.cpp(65)] SGRenderLog:CheckUpdate finish: old version:1
[50924:9168:0809/195556.312:WARNING:t_skinfilemap.cpp(67)] SGRenderLog:CheckUpdate finish: new version:5
[50924:9168:0809/195556.343:WARNING:t_skinfilemap.cpp(63)] SGRenderLog:CheckUpdate newMem.OpenMem Suc, szNewMem:Local\sgime_skin.Dpi144.v5.filemap.sogouime
[50924:9168:0809/195556.343:WARNING:t_skinfilemap.cpp(65)] SGRenderLog:CheckUpdate finish: old version:5
[50924:9168:0809/195556.343:WARNING:t_skinfilemap.cpp(67)] SGRenderLog:CheckUpdate finish: new version:5
