[2026-09-08 16:44:40] INFO 日志级别已切换为 ERROR
[2026-09-08 16:44:18] INFO 日志级别已切换为 INFO
[2026-09-08 16:43:58] INFO 键盘监听已启动
[2026-09-08 16:43:58] INFO 系统锁屏监控已启动
[2026-09-08 16:43:58] INFO 客户端已连接，开始同步监控状态
[2026-09-08 16:43:58] INFO 客户端已连接：('192.168.31.132', 37614)
[2026-09-08 16:43:58] DEBUG TCP 服务正在等待客户端连接
[2026-09-08 16:43:58] INFO TCP 服务开始监听，地址 0.0.0.0:2333
[2026-09-08 16:43:58] INFO 托盘服务已启动
[2026-09-08 16:43:58] DEBUG DPI 初始化完成，级别=2，缩放因子=1.0
[2026-09-08 16:43:58] DEBUG SetProcessDpiAwareness(2) 调用成功
[2026-09-08 16:43:58] INFO 日志级别已热更新为 DEBUG
[2026-09-08 16:43:54] INFO ldc小助手 开始退出
[2026-09-08 16:39:31] INFO 收到媒体控制命令：START
[2026-09-08 16:39:31] DEBUG 收到客户端数据：{"command":6,"message":"START"}
[2026-09-08 16:39:31] DEBUG 收到文本数据：{"command":6,"message":"START"}
[2026-09-08 16:31:37] INFO 收到媒体控制命令：STOP
[2026-09-08 16:31:37] DEBUG 收到客户端数据：{"command":6,"message":"STOP"}
[2026-09-08 16:31:37] DEBUG 收到文本数据：{"command":6,"message":"STOP"}
[2026-09-08 16:31:34] INFO 收到媒体控制命令：START
[2026-09-08 16:31:34] DEBUG 收到客户端数据：{"command":6,"message":"START"}
[2026-09-08 16:31:34] DEBUG 收到文本数据：{"command":6,"message":"START"}
[2026-09-08 16:31:32] INFO 收到媒体控制命令：STOP
[2026-09-08 16:31:32] DEBUG 收到客户端数据：{"command":6,"message":"STOP"}
[2026-09-08 16:31:32] DEBUG 收到文本数据：{"command":6,"message":"STOP"}
[2026-09-08 16:31:30] INFO 收到媒体控制命令：START
[2026-09-08 16:31:30] DEBUG 收到客户端数据：{"command":6,"message":"START"}
[2026-09-08 16:31:30] DEBUG 收到文本数据：{"command":6,"message":"START"}
[2026-09-08 16:30:35] INFO 收到媒体控制命令：STOP
[2026-09-08 16:30:35] DEBUG 收到客户端数据：{"command":6,"message":"STOP"}
[2026-09-08 16:30:35] DEBUG 收到文本数据：{"command":6,"message":"STOP"}
[2026-09-08 16:30:28] INFO 收到媒体控制命令：START
[2026-09-08 16:30:28] DEBUG 收到客户端数据：{"command":6,"message":"START"}
[2026-09-08 16:30:28] DEBUG 收到文本数据：{"command":6,"message":"START"}
[2026-09-08 16:30:21] INFO 收到媒体控制命令：STOP
[2026-09-08 16:30:21] DEBUG 收到客户端数据：{"command":6,"message":"STOP"}
[2026-09-08 16:30:21] DEBUG 收到文本数据：{"command":6,"message":"STOP"}
[2026-09-08 16:30:17] INFO 收到媒体控制命令：START
[2026-09-08 16:30:17] DEBUG 收到客户端数据：{"command":6,"message":"START"}
[2026-09-08 16:30:17] DEBUG 收到文本数据：{"command":6,"message":"START"}
[2026-09-08 16:30:13] INFO 收到媒体控制命令：STOP
[2026-09-08 16:30:13] DEBUG 收到客户端数据：{"command":6,"message":"STOP"}
[2026-09-08 16:30:13] DEBUG 收到文本数据：{"command":6,"message":"STOP"}
[2026-09-08 16:30:11] INFO 收到媒体控制命令：START
[2026-09-08 16:30:11] DEBUG 收到客户端数据：{"command":6,"message":"START"}
[2026-09-08 16:30:11] DEBUG 收到文本数据：{"command":6,"message":"START"}
[2026-09-08 16:30:07] INFO 收到媒体控制命令：STOP
[2026-09-08 16:30:07] DEBUG 收到客户端数据：{"command":6,"message":"STOP"}
[2026-09-08 16:30:07] DEBUG 收到文本数据：{"command":6,"message":"STOP"}
[2026-09-08 16:30:02] INFO 收到媒体控制命令：START
[2026-09-08 16:30:02] DEBUG 收到客户端数据：{"command":6,"message":"START"}
[2026-09-08 16:30:02] DEBUG 收到文本数据：{"command":6,"message":"START"}
[2026-09-08 16:29:59] INFO 收到媒体控制命令：STOP
[2026-09-08 16:29:59] DEBUG 收到客户端数据：{"command":6,"message":"STOP"}
[2026-09-08 16:29:59] DEBUG 收到文本数据：{"command":6,"message":"STOP"}
[2026-09-08 16:28:21] INFO 键盘监听已启动
[2026-09-08 16:28:20] INFO 系统锁屏监控已启动
[2026-09-08 16:28:20] INFO 客户端已连接，开始同步监控状态
[2026-09-08 16:28:20] INFO 客户端已连接：('192.168.31.132', 49932)
[2026-09-08 16:28:20] DEBUG TCP 服务正在等待客户端连接
[2026-09-08 16:28:20] INFO TCP 服务开始监听，地址 0.0.0.0:2333
[2026-09-08 16:28:20] INFO 托盘服务已启动
[2026-09-08 16:28:20] DEBUG DPI 初始化完成，级别=2，缩放因子=1.0
[2026-09-08 16:28:20] DEBUG SetProcessDpiAwareness(2) 调用成功
[2026-09-08 16:28:20] INFO 日志级别已热更新为 DEBUG
